> Task :preBuild UP-TO-DATE
> Task :preDebugBuild UP-TO-DATE
> Task :mergeDebugNativeDebugMetadata NO-SOURCE
> Task :checkKotlinGradlePluginConfigurationErrors
> Task :checkDebugAarMetadata FAILED

FAILURE: Build failed with an exception.

* What went wrong:
Execution failed for task ':checkDebugAarMetadata'.
> Configuration `:debugRuntimeClasspath` contains AndroidX dependencies, but the `android.useAndroidX` property is not enabled, which may cause runtime issues.
  Set `android.useAndroidX=true` in the `gradle.properties` file and retry.
  The following AndroidX dependencies are detected:
  :debugRuntimeClasspath -> androidx.compose.ui:ui-tooling:1.5.0
  :debugRuntimeClasspath -> androidx.compose:compose-bom:2023.08.00 -> androidx.compose.ui:ui-tooling-android:1.5.0
  :debugRuntimeClasspath -> androidx.activity:activity-compose:1.8.2
  :debugRuntimeClasspath -> androidx.compose.ui:ui-test-manifest:1.5.0 -> androidx.activity:activity:1.8.2 -> androidx.activity:activity-ktx:1.8.2
  :debugRuntimeClasspath -> androidx.activity:activity-compose:1.8.2 -> androidx.activity:activity-ktx:1.8.2 -> androidx.activity:activity:1.8.2
  :debugRuntimeClasspath -> androidx.activity:activity-compose:1.8.2 -> androidx.activity:activity-ktx:1.8.2 -> androidx.activity:activity:1.8.2 -> androidx.annotation:annotation:1.6.0
  :debugRuntimeClasspath -> androidx.activity:activity-compose:1.8.2 -> androidx.activity:activity-ktx:1.8.2 -> androidx.activity:activity:1.8.2 -> androidx.annotation:annotation:1.6.0 -> androidx.annotation:annotation-jvm:1.6.0
  :debugRuntimeClasspath -> androidx.activity:activity-compose:1.8.2 -> androidx.activity:activity-ktx:1.8.2 -> androidx.activity:activity:1.8.2 -> androidx.collection:collection:1.1.0
  :debugRuntimeClasspath -> androidx.activity:activity-compose:1.8.2 -> androidx.activity:activity-ktx:1.8.2 -> androidx.activity:activity:1.8.2 -> androidx.core:core:1.12.0
  :debugRuntimeClasspath -> androidx.lifecycle:lifecycle-viewmodel-compose:2.7.0 -> androidx.annotation:annotation-experimental:1.3.0
  :debugRuntimeClasspath -> androidx.activity:activity-compose:1.8.2 -> androidx.activity:activity-ktx:1.8.2 -> androidx.activity:activity:1.8.2 -> androidx.core:core:1.12.0 -> androidx.concurrent:concurrent-futures:1.1.0
  :debugRuntimeClasspath -> androidx.activity:activity-compose:1.8.2 -> androidx.activity:activity-ktx:1.8.2 -> androidx.activity:activity:1.8.2 -> androidx.core:core:1.12.0 -> androidx.interpolator:interpolator:1.0.0
  :debugRuntimeClasspath -> androidx.compose.material3:material3:1.1.1 -> androidx.lifecycle:lifecycle-runtime:2.7.0
  :debugRuntimeClasspath -> androidx.compose:compose-bom:2023.08.00 -> androidx.compose.foundation:foundation-android:1.5.0 -> androidx.emoji2:emoji2:1.4.0 -> androidx.lifecycle:lifecycle-process:2.7.0 -> androidx.lifecycle:lifecycle-livedata-core:2.7.0 -> androidx.arch.core:core-common:2.2.0
  :debugRuntimeClasspath -> androidx.compose:compose-bom:2023.08.00 -> androidx.compose.foundation:foundation-android:1.5.0 -> androidx.emoji2:emoji2:1.4.0 -> androidx.lifecycle:lifecycle-process:2.7.0 -> androidx.lifecycle:lifecycle-livedata-core:2.7.0 -> androidx.arch.core:core-runtime:2.2.0
  :debugRuntimeClasspath -> androidx.compose:compose-bom:2023.08.00 -> androidx.compose.ui:ui-tooling-android:1.5.0 -> androidx.lifecycle:lifecycle-common:2.7.0
  :debugRuntimeClasspath -> androidx.compose.material3:material3:1.1.1 -> androidx.lifecycle:lifecycle-common-java8:2.7.0
  :debugRuntimeClasspath -> androidx.lifecycle:lifecycle-runtime-ktx:2.7.0
  :debugRuntimeClasspath -> androidx.lifecycle:lifecycle-viewmodel-compose:2.7.0
  :debugRuntimeClasspath -> androidx.compose:compose-bom:2023.08.00 -> androidx.compose.runtime:runtime:1.5.0
  :debugRuntimeClasspath -> androidx.compose:compose-bom:2023.08.00 -> androidx.compose.runtime:runtime-android:1.5.0
  :debugRuntimeClasspath -> androidx.compose:compose-bom:2023.08.00 -> androidx.compose.runtime:runtime-saveable:1.5.0
  :debugRuntimeClasspath -> androidx.compose:compose-bom:2023.08.00 -> androidx.compose.runtime:runtime-saveable-android:1.5.0
  :debugRuntimeClasspath -> androidx.compose.ui:ui:1.5.0
  :debugRuntimeClasspath -> androidx.compose:compose-bom:2023.08.00 -> androidx.compose.ui:ui-android:1.5.0
  :debugRuntimeClasspath -> androidx.compose:compose-bom:2023.08.00 -> androidx.compose.ui:ui-android:1.5.0 -> androidx.autofill:autofill:1.0.0
  :debugRuntimeClasspath -> androidx.compose:compose-bom:2023.08.00 -> androidx.compose.ui:ui-geometry:1.5.0
  :debugRuntimeClasspath -> androidx.compose:compose-bom:2023.08.00 -> androidx.compose.ui:ui-geometry-android:1.5.0
  :debugRuntimeClasspath -> androidx.compose:compose-bom:2023.08.00 -> androidx.compose.ui:ui-util:1.5.0
  :debugRuntimeClasspath -> androidx.compose:compose-bom:2023.08.00 -> androidx.compose.ui:ui-util-android:1.5.0
  :debugRuntimeClasspath -> androidx.compose.ui:ui-graphics:1.5.0
  :debugRuntimeClasspath -> androidx.compose:compose-bom:2023.08.00 -> androidx.compose.ui:ui-graphics-android:1.5.0
  :debugRuntimeClasspath -> androidx.compose:compose-bom:2023.08.00 -> androidx.compose.ui:ui-unit:1.5.0
  :debugRuntimeClasspath -> androidx.compose:compose-bom:2023.08.00 -> androidx.compose.ui:ui-unit-android:1.5.0
  :debugRuntimeClasspath -> androidx.compose.ui:ui-test-manifest:1.5.0
  :debugRuntimeClasspath -> androidx.compose:compose-bom:2023.08.00 -> androidx.compose.ui:ui-text:1.5.0
  :debugRuntimeClasspath -> androidx.compose:compose-bom:2023.08.00 -> androidx.compose.ui:ui-text-android:1.5.0
  :debugRuntimeClasspath -> androidx.compose:compose-bom:2023.08.00 -> androidx.compose.foundation:foundation-android:1.5.0 -> androidx.emoji2:emoji2:1.4.0
  :debugRuntimeClasspath -> androidx.compose:compose-bom:2023.08.00 -> androidx.compose.foundation:foundation-android:1.5.0 -> androidx.emoji2:emoji2:1.4.0 -> androidx.lifecycle:lifecycle-process:2.7.0
  :debugRuntimeClasspath -> androidx.compose:compose-bom:2023.08.00 -> androidx.compose.foundation:foundation-android:1.5.0 -> androidx.emoji2:emoji2:1.4.0 -> androidx.startup:startup-runtime:1.1.1
  :debugRuntimeClasspath -> androidx.activity:activity-compose:1.8.2 -> androidx.activity:activity-ktx:1.8.2 -> androidx.activity:activity:1.8.2 -> androidx.tracing:tracing:1.0.0
  :debugRuntimeClasspath -> androidx.compose:compose-bom:2023.08.00 -> androidx.compose.foundation:foundation-android:1.5.0 -> androidx.emoji2:emoji2:1.4.0 -> androidx.lifecycle:lifecycle-process:2.7.0 -> androidx.lifecycle:lifecycle-livedata-core:2.7.0
  :debugRuntimeClasspath -> androidx.compose.material3:material3:1.1.1 -> androidx.lifecycle:lifecycle-viewmodel:2.7.0
  :debugRuntimeClasspath -> androidx.compose.ui:ui-test-manifest:1.5.0 -> androidx.activity:activity:1.8.2 -> androidx.activity:activity-ktx:1.8.2 -> androidx.lifecycle:lifecycle-viewmodel-ktx:2.7.0
  :debugRuntimeClasspath -> androidx.activity:activity-compose:1.8.2 -> androidx.activity:activity-ktx:1.8.2 -> androidx.activity:activity:1.8.2 -> androidx.lifecycle:lifecycle-viewmodel-savedstate:2.7.0
  :debugRuntimeClasspath -> androidx.core:core-ktx:1.12.0
  :debugRuntimeClasspath -> androidx.activity:activity-compose:1.8.2 -> androidx.activity:activity-ktx:1.8.2 -> androidx.activity:activity:1.8.2 -> androidx.savedstate:savedstate:1.2.1
  :debugRuntimeClasspath -> androidx.compose.material3:material3:1.1.1 -> androidx.savedstate:savedstate-ktx:1.2.1
  :debugRuntimeClasspath -> androidx.compose:compose-bom:2023.08.00 -> androidx.compose.ui:ui-tooling-data:1.5.0
  :debugRuntimeClasspath -> androidx.compose:compose-bom:2023.08.00 -> androidx.compose.ui:ui-tooling-data-android:1.5.0
  :debugRuntimeClasspath -> androidx.compose.ui:ui-tooling-preview:1.5.0
  :debugRuntimeClasspath -> androidx.compose:compose-bom:2023.08.00 -> androidx.compose.ui:ui-tooling-preview-android:1.5.0
  :debugRuntimeClasspath -> androidx.compose:compose-bom:2023.08.00 -> androidx.compose.ui:ui-android:1.5.0 -> androidx.customview:customview-poolingcontainer:1.0.0
  :debugRuntimeClasspath -> androidx.activity:activity-compose:1.8.2 -> androidx.activity:activity-ktx:1.8.2 -> androidx.activity:activity:1.8.2 -> androidx.profileinstaller:profileinstaller:1.3.0
  :debugRuntimeClasspath -> androidx.compose:compose-bom:2023.08.00 -> androidx.compose.foundation:foundation:1.5.0
  :debugRuntimeClasspath -> androidx.compose:compose-bom:2023.08.00 -> androidx.compose.foundation:foundation-android:1.5.0
  :debugRuntimeClasspath -> androidx.compose:compose-bom:2023.08.00 -> androidx.compose.animation:animation:1.5.0
  :debugRuntimeClasspath -> androidx.compose:compose-bom:2023.08.00 -> androidx.compose.animation:animation-android:1.5.0
  :debugRuntimeClasspath -> androidx.compose:compose-bom:2023.08.00 -> androidx.compose.animation:animation-core:1.5.0
  :debugRuntimeClasspath -> androidx.compose:compose-bom:2023.08.00 -> androidx.compose.animation:animation-core-android:1.5.0
  :debugRuntimeClasspath -> androidx.compose:compose-bom:2023.08.00 -> androidx.compose.foundation:foundation-layout:1.5.0
  :debugRuntimeClasspath -> androidx.compose:compose-bom:2023.08.00 -> androidx.compose.foundation:foundation-layout-android:1.5.0
  :debugRuntimeClasspath -> androidx.activity:activity-compose:1.8.2 -> androidx.activity:activity-ktx:1.8.2 -> androidx.activity:activity:1.8.2 -> androidx.core:core:1.12.0 -> androidx.versionedparcelable:versionedparcelable:1.1.1
  :debugRuntimeClasspath -> androidx.compose:compose-bom:2023.08.00 -> androidx.compose.material:material:1.5.0
  :debugRuntimeClasspath -> androidx.compose:compose-bom:2023.08.00 -> androidx.compose.material:material-android:1.5.0
  :debugRuntimeClasspath -> androidx.compose:compose-bom:2023.08.00 -> androidx.compose.material:material-icons-core:1.5.0
  :debugRuntimeClasspath -> androidx.compose:compose-bom:2023.08.00 -> androidx.compose.material:material-icons-core-android:1.5.0
  :debugRuntimeClasspath -> androidx.compose:compose-bom:2023.08.00 -> androidx.compose.material:material-ripple:1.5.0
  :debugRuntimeClasspath -> androidx.compose:compose-bom:2023.08.00 -> androidx.compose.material:material-ripple-android:1.5.0
  :debugRuntimeClasspath -> androidx.compose:compose-bom:2023.08.00
  :debugRuntimeClasspath -> androidx.compose.material3:material3:1.1.1

* Try:
> Run with --info or --debug option to get more log output.
> Run with --scan to get full insights.
> Get more help at https://help.gradle.org.

* Exception is:
org.gradle.api.tasks.TaskExecutionException: Execution failed for task ':checkDebugAarMetadata'.
	at org.gradle.api.internal.tasks.execution.CatchExceptionTaskExecuter.execute(CatchExceptionTaskExecuter.java:38)
	at org.gradle.api.internal.tasks.execution.EventFiringTaskExecuter$1.executeTask(EventFiringTaskExecuter.java:77)
	at org.gradle.api.internal.tasks.execution.EventFiringTaskExecuter$1.call(EventFiringTaskExecuter.java:55)
	at org.gradle.api.internal.tasks.execution.EventFiringTaskExecuter$1.call(EventFiringTaskExecuter.java:52)
	at org.gradle.internal.operations.DefaultBuildOperationRunner$CallableBuildOperationWorker.execute(DefaultBuildOperationRunner.java:204)
	at org.gradle.internal.operations.DefaultBuildOperationRunner$CallableBuildOperationWorker.execute(DefaultBuildOperationRunner.java:199)
	at org.gradle.internal.operations.DefaultBuildOperationRunner$2.execute(DefaultBuildOperationRunner.java:66)
	at org.gradle.internal.operations.DefaultBuildOperationRunner$2.execute(DefaultBuildOperationRunner.java:59)
	at org.gradle.internal.operations.DefaultBuildOperationRunner.execute(DefaultBuildOperationRunner.java:157)
	at org.gradle.internal.operations.DefaultBuildOperationRunner.execute(DefaultBuildOperationRunner.java:59)
	at org.gradle.internal.operations.DefaultBuildOperationRunner.call(DefaultBuildOperationRunner.java:53)
	at org.gradle.internal.operations.DefaultBuildOperationExecutor.call(DefaultBuildOperationExecutor.java:73)
	at org.gradle.api.internal.tasks.execution.EventFiringTaskExecuter.execute(EventFiringTaskExecuter.java:52)
	at org.gradle.execution.plan.LocalTaskNodeExecutor.execute(LocalTaskNodeExecutor.java:42)
	at org.gradle.execution.taskgraph.DefaultTaskExecutionGraph$InvokeNodeExecutorsAction.execute(DefaultTaskExecutionGraph.java:337)
	at org.gradle.execution.taskgraph.DefaultTaskExecutionGraph$InvokeNodeExecutorsAction.execute(DefaultTaskExecutionGraph.java:324)
	at org.gradle.execution.taskgraph.DefaultTaskExecutionGraph$BuildOperationAwareExecutionAction.execute(DefaultTaskExecutionGraph.java:317)
	at org.gradle.execution.taskgraph.DefaultTaskExecutionGraph$BuildOperationAwareExecutionAction.execute(DefaultTaskExecutionGraph.java:303)
	at org.gradle.execution.plan.DefaultPlanExecutor$ExecutorWorker.execute(DefaultPlanExecutor.java:463)
	at org.gradle.execution.plan.DefaultPlanExecutor$ExecutorWorker.run(DefaultPlanExecutor.java:380)
	at org.gradle.internal.concurrent.ExecutorPolicy$CatchAndRecordFailures.onExecute(ExecutorPolicy.java:64)
	at org.gradle.internal.concurrent.AbstractManagedExecutor$1.run(AbstractManagedExecutor.java:47)
Caused by: com.android.builder.errors.EvalIssueException: Configuration `:debugRuntimeClasspath` contains AndroidX dependencies, but the `android.useAndroidX` property is not enabled, which may cause runtime issues.
Set `android.useAndroidX=true` in the `gradle.properties` file and retry.
The following AndroidX dependencies are detected:
:debugRuntimeClasspath -> androidx.compose.ui:ui-tooling:1.5.0
:debugRuntimeClasspath -> androidx.compose:compose-bom:2023.08.00 -> androidx.compose.ui:ui-tooling-android:1.5.0
:debugRuntimeClasspath -> androidx.activity:activity-compose:1.8.2
:debugRuntimeClasspath -> androidx.compose.ui:ui-test-manifest:1.5.0 -> androidx.activity:activity:1.8.2 -> androidx.activity:activity-ktx:1.8.2
:debugRuntimeClasspath -> androidx.activity:activity-compose:1.8.2 -> androidx.activity:activity-ktx:1.8.2 -> androidx.activity:activity:1.8.2
:debugRuntimeClasspath -> androidx.activity:activity-compose:1.8.2 -> androidx.activity:activity-ktx:1.8.2 -> androidx.activity:activity:1.8.2 -> androidx.annotation:annotation:1.6.0
:debugRuntimeClasspath -> androidx.activity:activity-compose:1.8.2 -> androidx.activity:activity-ktx:1.8.2 -> androidx.activity:activity:1.8.2 -> androidx.annotation:annotation:1.6.0 -> androidx.annotation:annotation-jvm:1.6.0
:debugRuntimeClasspath -> androidx.activity:activity-compose:1.8.2 -> androidx.activity:activity-ktx:1.8.2 -> androidx.activity:activity:1.8.2 -> androidx.collection:collection:1.1.0
:debugRuntimeClasspath -> androidx.activity:activity-compose:1.8.2 -> androidx.activity:activity-ktx:1.8.2 -> androidx.activity:activity:1.8.2 -> androidx.core:core:1.12.0
:debugRuntimeClasspath -> androidx.lifecycle:lifecycle-viewmodel-compose:2.7.0 -> androidx.annotation:annotation-experimental:1.3.0
:debugRuntimeClasspath -> androidx.activity:activity-compose:1.8.2 -> androidx.activity:activity-ktx:1.8.2 -> androidx.activity:activity:1.8.2 -> androidx.core:core:1.12.0 -> androidx.concurrent:concurrent-futures:1.1.0
:debugRuntimeClasspath -> androidx.activity:activity-compose:1.8.2 -> androidx.activity:activity-ktx:1.8.2 -> androidx.activity:activity:1.8.2 -> androidx.core:core:1.12.0 -> androidx.interpolator:interpolator:1.0.0
:debugRuntimeClasspath -> androidx.compose.material3:material3:1.1.1 -> androidx.lifecycle:lifecycle-runtime:2.7.0
:debugRuntimeClasspath -> androidx.compose:compose-bom:2023.08.00 -> androidx.compose.foundation:foundation-android:1.5.0 -> androidx.emoji2:emoji2:1.4.0 -> androidx.lifecycle:lifecycle-process:2.7.0 -> androidx.lifecycle:lifecycle-livedata-core:2.7.0 -> androidx.arch.core:core-common:2.2.0
:debugRuntimeClasspath -> androidx.compose:compose-bom:2023.08.00 -> androidx.compose.foundation:foundation-android:1.5.0 -> androidx.emoji2:emoji2:1.4.0 -> androidx.lifecycle:lifecycle-process:2.7.0 -> androidx.lifecycle:lifecycle-livedata-core:2.7.0 -> androidx.arch.core:core-runtime:2.2.0
:debugRuntimeClasspath -> androidx.compose:compose-bom:2023.08.00 -> androidx.compose.ui:ui-tooling-android:1.5.0 -> androidx.lifecycle:lifecycle-common:2.7.0
:debugRuntimeClasspath -> androidx.compose.material3:material3:1.1.1 -> androidx.lifecycle:lifecycle-common-java8:2.7.0
:debugRuntimeClasspath -> androidx.lifecycle:lifecycle-runtime-ktx:2.7.0
:debugRuntimeClasspath -> androidx.lifecycle:lifecycle-viewmodel-compose:2.7.0
:debugRuntimeClasspath -> androidx.compose:compose-bom:2023.08.00 -> androidx.compose.runtime:runtime:1.5.0
:debugRuntimeClasspath -> androidx.compose:compose-bom:2023.08.00 -> androidx.compose.runtime:runtime-android:1.5.0
:debugRuntimeClasspath -> androidx.compose:compose-bom:2023.08.00 -> androidx.compose.runtime:runtime-saveable:1.5.0
:debugRuntimeClasspath -> androidx.compose:compose-bom:2023.08.00 -> androidx.compose.runtime:runtime-saveable-android:1.5.0
:debugRuntimeClasspath -> androidx.compose.ui:ui:1.5.0
:debugRuntimeClasspath -> androidx.compose:compose-bom:2023.08.00 -> androidx.compose.ui:ui-android:1.5.0
:debugRuntimeClasspath -> androidx.compose:compose-bom:2023.08.00 -> androidx.compose.ui:ui-android:1.5.0 -> androidx.autofill:autofill:1.0.0
:debugRuntimeClasspath -> androidx.compose:compose-bom:2023.08.00 -> androidx.compose.ui:ui-geometry:1.5.0
:debugRuntimeClasspath -> androidx.compose:compose-bom:2023.08.00 -> androidx.compose.ui:ui-geometry-android:1.5.0
:debugRuntimeClasspath -> androidx.compose:compose-bom:2023.08.00 -> androidx.compose.ui:ui-util:1.5.0
:debugRuntimeClasspath -> androidx.compose:compose-bom:2023.08.00 -> androidx.compose.ui:ui-util-android:1.5.0
:debugRuntimeClasspath -> androidx.compose.ui:ui-graphics:1.5.0
:debugRuntimeClasspath -> androidx.compose:compose-bom:2023.08.00 -> androidx.compose.ui:ui-graphics-android:1.5.0
:debugRuntimeClasspath -> androidx.compose:compose-bom:2023.08.00 -> androidx.compose.ui:ui-unit:1.5.0
:debugRuntimeClasspath -> androidx.compose:compose-bom:2023.08.00 -> androidx.compose.ui:ui-unit-android:1.5.0
:debugRuntimeClasspath -> androidx.compose.ui:ui-test-manifest:1.5.0
:debugRuntimeClasspath -> androidx.compose:compose-bom:2023.08.00 -> androidx.compose.ui:ui-text:1.5.0
:debugRuntimeClasspath -> androidx.compose:compose-bom:2023.08.00 -> androidx.compose.ui:ui-text-android:1.5.0
:debugRuntimeClasspath -> androidx.compose:compose-bom:2023.08.00 -> androidx.compose.foundation:foundation-android:1.5.0 -> androidx.emoji2:emoji2:1.4.0
:debugRuntimeClasspath -> androidx.compose:compose-bom:2023.08.00 -> androidx.compose.foundation:foundation-android:1.5.0 -> androidx.emoji2:emoji2:1.4.0 -> androidx.lifecycle:lifecycle-process:2.7.0
:debugRuntimeClasspath -> androidx.compose:compose-bom:2023.08.00 -> androidx.compose.foundation:foundation-android:1.5.0 -> androidx.emoji2:emoji2:1.4.0 -> androidx.startup:startup-runtime:1.1.1
:debugRuntimeClasspath -> androidx.activity:activity-compose:1.8.2 -> androidx.activity:activity-ktx:1.8.2 -> androidx.activity:activity:1.8.2 -> androidx.tracing:tracing:1.0.0
:debugRuntimeClasspath -> androidx.compose:compose-bom:2023.08.00 -> androidx.compose.foundation:foundation-android:1.5.0 -> androidx.emoji2:emoji2:1.4.0 -> androidx.lifecycle:lifecycle-process:2.7.0 -> androidx.lifecycle:lifecycle-livedata-core:2.7.0
:debugRuntimeClasspath -> androidx.compose.material3:material3:1.1.1 -> androidx.lifecycle:lifecycle-viewmodel:2.7.0
:debugRuntimeClasspath -> androidx.compose.ui:ui-test-manifest:1.5.0 -> androidx.activity:activity:1.8.2 -> androidx.activity:activity-ktx:1.8.2 -> androidx.lifecycle:lifecycle-viewmodel-ktx:2.7.0
:debugRuntimeClasspath -> androidx.activity:activity-compose:1.8.2 -> androidx.activity:activity-ktx:1.8.2 -> androidx.activity:activity:1.8.2 -> androidx.lifecycle:lifecycle-viewmodel-savedstate:2.7.0
:debugRuntimeClasspath -> androidx.core:core-ktx:1.12.0
:debugRuntimeClasspath -> androidx.activity:activity-compose:1.8.2 -> androidx.activity:activity-ktx:1.8.2 -> androidx.activity:activity:1.8.2 -> androidx.savedstate:savedstate:1.2.1
:debugRuntimeClasspath -> androidx.compose.material3:material3:1.1.1 -> androidx.savedstate:savedstate-ktx:1.2.1
:debugRuntimeClasspath -> androidx.compose:compose-bom:2023.08.00 -> androidx.compose.ui:ui-tooling-data:1.5.0
:debugRuntimeClasspath -> androidx.compose:compose-bom:2023.08.00 -> androidx.compose.ui:ui-tooling-data-android:1.5.0
:debugRuntimeClasspath -> androidx.compose.ui:ui-tooling-preview:1.5.0
:debugRuntimeClasspath -> androidx.compose:compose-bom:2023.08.00 -> androidx.compose.ui:ui-tooling-preview-android:1.5.0
:debugRuntimeClasspath -> androidx.compose:compose-bom:2023.08.00 -> androidx.compose.ui:ui-android:1.5.0 -> androidx.customview:customview-poolingcontainer:1.0.0
:debugRuntimeClasspath -> androidx.activity:activity-compose:1.8.2 -> androidx.activity:activity-ktx:1.8.2 -> androidx.activity:activity:1.8.2 -> androidx.profileinstaller:profileinstaller:1.3.0
:debugRuntimeClasspath -> androidx.compose:compose-bom:2023.08.00 -> androidx.compose.foundation:foundation:1.5.0
:debugRuntimeClasspath -> androidx.compose:compose-bom:2023.08.00 -> androidx.compose.foundation:foundation-android:1.5.0
:debugRuntimeClasspath -> androidx.compose:compose-bom:2023.08.00 -> androidx.compose.animation:animation:1.5.0
:debugRuntimeClasspath -> androidx.compose:compose-bom:2023.08.00 -> androidx.compose.animation:animation-android:1.5.0
:debugRuntimeClasspath -> androidx.compose:compose-bom:2023.08.00 -> androidx.compose.animation:animation-core:1.5.0
:debugRuntimeClasspath -> androidx.compose:compose-bom:2023.08.00 -> androidx.compose.animation:animation-core-android:1.5.0
:debugRuntimeClasspath -> androidx.compose:compose-bom:2023.08.00 -> androidx.compose.foundation:foundation-layout:1.5.0
:debugRuntimeClasspath -> androidx.compose:compose-bom:2023.08.00 -> androidx.compose.foundation:foundation-layout-android:1.5.0
:debugRuntimeClasspath -> androidx.activity:activity-compose:1.8.2 -> androidx.activity:activity-ktx:1.8.2 -> androidx.activity:activity:1.8.2 -> androidx.core:core:1.12.0 -> androidx.versionedparcelable:versionedparcelable:1.1.1
:debugRuntimeClasspath -> androidx.compose:compose-bom:2023.08.00 -> androidx.compose.material:material:1.5.0
:debugRuntimeClasspath -> androidx.compose:compose-bom:2023.08.00 -> androidx.compose.material:material-android:1.5.0
:debugRuntimeClasspath -> androidx.compose:compose-bom:2023.08.00 -> androidx.compose.material:material-icons-core:1.5.0
:debugRuntimeClasspath -> androidx.compose:compose-bom:2023.08.00 -> androidx.compose.material:material-icons-core-android:1.5.0
:debugRuntimeClasspath -> androidx.compose:compose-bom:2023.08.00 -> androidx.compose.material:material-ripple:1.5.0
:debugRuntimeClasspath -> androidx.compose:compose-bom:2023.08.00 -> androidx.compose.material:material-ripple-android:1.5.0
:debugRuntimeClasspath -> androidx.compose:compose-bom:2023.08.00
:debugRuntimeClasspath -> androidx.compose.material3:material3:1.1.1
	at com.android.builder.errors.IssueReporter.reportError(IssueReporter.kt:114)
	at com.android.builder.errors.IssueReporter.reportError$default(IssueReporter.kt:110)
	at com.android.build.gradle.internal.dependency.AndroidXDependencyCheck$AndroidXDisabledJetifierDisabled.execute(AndroidXDependencyCheck.kt:72)
	at com.android.build.gradle.internal.dependency.AndroidXDependencyCheck$AndroidXDisabledJetifierDisabled.execute(AndroidXDependencyCheck.kt:40)
	at org.gradle.configuration.internal.DefaultUserCodeApplicationContext$CurrentApplication$1.execute(DefaultUserCodeApplicationContext.java:123)
	at org.gradle.internal.event.BroadcastDispatch$ActionInvocationHandler.dispatch(BroadcastDispatch.java:97)
	at org.gradle.internal.event.BroadcastDispatch$ActionInvocationHandler.dispatch(BroadcastDispatch.java:85)
	at org.gradle.internal.event.AbstractBroadcastDispatch.dispatch(AbstractBroadcastDispatch.java:43)
	at org.gradle.internal.event.BroadcastDispatch$SingletonDispatch.dispatch(BroadcastDispatch.java:257)
	at org.gradle.internal.event.BroadcastDispatch$SingletonDispatch.dispatch(BroadcastDispatch.java:164)
	at org.gradle.internal.event.AbstractBroadcastDispatch.dispatch(AbstractBroadcastDispatch.java:83)
	at org.gradle.internal.event.AbstractBroadcastDispatch.dispatch(AbstractBroadcastDispatch.java:69)
	at org.gradle.internal.event.BroadcastDispatch$CompositeDispatch.dispatch(BroadcastDispatch.java:363)
	at org.gradle.internal.event.BroadcastDispatch$CompositeDispatch.dispatch(BroadcastDispatch.java:261)
	at org.gradle.internal.event.ListenerBroadcast.dispatch(ListenerBroadcast.java:148)
	at org.gradle.internal.event.ListenerBroadcast.dispatch(ListenerBroadcast.java:37)
	at org.gradle.internal.dispatch.ProxyDispatchAdapter$DispatchingInvocationHandler.invoke(ProxyDispatchAdapter.java:94)
	at jdk.proxy1/jdk.proxy1.$Proxy60.afterResolve(Unknown Source)
	at org.gradle.api.internal.artifacts.configurations.DefaultConfiguration$1.call(DefaultConfiguration.java:741)
	at org.gradle.api.internal.artifacts.configurations.DefaultConfiguration$1.call(DefaultConfiguration.java:719)
	at org.gradle.internal.operations.DefaultBuildOperationRunner$CallableBuildOperationWorker.execute(DefaultBuildOperationRunner.java:204)
	at org.gradle.internal.operations.DefaultBuildOperationRunner$CallableBuildOperationWorker.execute(DefaultBuildOperationRunner.java:199)
	at org.gradle.internal.operations.DefaultBuildOperationRunner$2.execute(DefaultBuildOperationRunner.java:66)
	at org.gradle.internal.operations.DefaultBuildOperationRunner$2.execute(DefaultBuildOperationRunner.java:59)
	at org.gradle.internal.operations.DefaultBuildOperationRunner.execute(DefaultBuildOperationRunner.java:157)
	at org.gradle.internal.operations.DefaultBuildOperationRunner.execute(DefaultBuildOperationRunner.java:59)
	at org.gradle.internal.operations.DefaultBuildOperationRunner.call(DefaultBuildOperationRunner.java:53)
	at org.gradle.internal.operations.DefaultBuildOperationExecutor.call(DefaultBuildOperationExecutor.java:73)
	at org.gradle.api.internal.artifacts.configurations.DefaultConfiguration.resolveGraphIfRequired(DefaultConfiguration.java:719)
	at org.gradle.api.internal.artifacts.configurations.DefaultConfiguration.lambda$resolveExclusively$4(DefaultConfiguration.java:699)
	at org.gradle.api.internal.project.DefaultProjectStateRegistry$CalculatedModelValueImpl.update(DefaultProjectStateRegistry.java:493)
	at org.gradle.api.internal.artifacts.configurations.DefaultConfiguration.resolveExclusively(DefaultConfiguration.java:696)
	at org.gradle.api.internal.artifacts.configurations.DefaultConfiguration.resolveToStateOrLater(DefaultConfiguration.java:692)
	at org.gradle.api.internal.artifacts.configurations.DefaultConfiguration.access$1800(DefaultConfiguration.java:176)
	at org.gradle.api.internal.artifacts.configurations.DefaultConfiguration$VisitedArtifactsSetProvider.getValue(DefaultConfiguration.java:1714)
	at org.gradle.api.internal.artifacts.configurations.DefaultConfiguration$VisitedArtifactsSetProvider.getValue(DefaultConfiguration.java:1703)
	at org.gradle.api.internal.artifacts.configurations.DefaultConfiguration$SelectedArtifactsProvider.getValue(DefaultConfiguration.java:1750)
	at org.gradle.api.internal.artifacts.configurations.DefaultConfiguration$SelectedArtifactsProvider.getValue(DefaultConfiguration.java:1719)
	at org.gradle.api.internal.artifacts.configurations.ResolutionBackedFileCollection.getSelectedArtifacts(ResolutionBackedFileCollection.java:85)
	at org.gradle.api.internal.artifacts.configurations.ResolutionBackedFileCollection.visitContents(ResolutionBackedFileCollection.java:72)
	at org.gradle.api.internal.file.AbstractFileCollection.visitStructure(AbstractFileCollection.java:366)
	at org.gradle.api.internal.file.CompositeFileCollection.lambda$visitContents$0(CompositeFileCollection.java:133)
	at org.gradle.api.internal.file.collections.UnpackingVisitor.add(UnpackingVisitor.java:67)
	at org.gradle.api.internal.file.collections.UnpackingVisitor.add(UnpackingVisitor.java:92)
	at org.gradle.api.internal.file.DefaultFileCollectionFactory$ResolvingFileCollection.visitChildren(DefaultFileCollectionFactory.java:285)
	at org.gradle.api.internal.file.CompositeFileCollection.visitContents(CompositeFileCollection.java:133)
	at org.gradle.api.internal.file.AbstractFileCollection.visitStructure(AbstractFileCollection.java:366)
	at org.gradle.api.internal.file.CompositeFileCollection.lambda$visitContents$0(CompositeFileCollection.java:133)
	at org.gradle.api.internal.tasks.PropertyFileCollection.visitChildren(PropertyFileCollection.java:48)
	at org.gradle.api.internal.file.CompositeFileCollection.visitContents(CompositeFileCollection.java:133)
	at org.gradle.api.internal.file.AbstractFileCollection.visitStructure(AbstractFileCollection.java:366)
	at org.gradle.internal.fingerprint.impl.DefaultFileCollectionSnapshotter.snapshot(DefaultFileCollectionSnapshotter.java:47)
	at org.gradle.internal.execution.impl.DefaultInputFingerprinter$InputCollectingVisitor.visitInputFileProperty(DefaultInputFingerprinter.java:133)
	at org.gradle.api.internal.tasks.execution.TaskExecution.visitRegularInputs(TaskExecution.java:328)
	at org.gradle.internal.execution.impl.DefaultInputFingerprinter.fingerprintInputProperties(DefaultInputFingerprinter.java:63)
	at org.gradle.internal.execution.steps.CaptureStateBeforeExecutionStep.captureExecutionStateWithOutputs(CaptureStateBeforeExecutionStep.java:123)
	at org.gradle.internal.execution.steps.CaptureStateBeforeExecutionStep.lambda$captureExecutionState$1(CaptureStateBeforeExecutionStep.java:82)
	at org.gradle.internal.execution.steps.BuildOperationStep$1.call(BuildOperationStep.java:37)
	at org.gradle.internal.operations.DefaultBuildOperationRunner$CallableBuildOperationWorker.execute(DefaultBuildOperationRunner.java:204)
	at org.gradle.internal.operations.DefaultBuildOperationRunner$CallableBuildOperationWorker.execute(DefaultBuildOperationRunner.java:199)
	at org.gradle.internal.operations.DefaultBuildOperationRunner$2.execute(DefaultBuildOperationRunner.java:66)
	at org.gradle.internal.operations.DefaultBuildOperationRunner$2.execute(DefaultBuildOperationRunner.java:59)
	at org.gradle.internal.operations.DefaultBuildOperationRunner.execute(DefaultBuildOperationRunner.java:157)
	at org.gradle.internal.operations.DefaultBuildOperationRunner.execute(DefaultBuildOperationRunner.java:59)
	at org.gradle.internal.operations.DefaultBuildOperationRunner.call(DefaultBuildOperationRunner.java:53)
	at org.gradle.internal.operations.DefaultBuildOperationExecutor.call(DefaultBuildOperationExecutor.java:73)
	at org.gradle.internal.execution.steps.BuildOperationStep.operation(BuildOperationStep.java:34)
	at org.gradle.internal.execution.steps.CaptureStateBeforeExecutionStep.captureExecutionState(CaptureStateBeforeExecutionStep.java:76)
	at org.gradle.internal.execution.steps.CaptureStateBeforeExecutionStep.lambda$execute$0(CaptureStateBeforeExecutionStep.java:70)
	at org.gradle.internal.execution.steps.CaptureStateBeforeExecutionStep.execute(CaptureStateBeforeExecutionStep.java:70)
	at org.gradle.internal.execution.steps.CaptureStateBeforeExecutionStep.execute(CaptureStateBeforeExecutionStep.java:45)
	at org.gradle.internal.execution.steps.SkipEmptyWorkStep.executeWithNonEmptySources(SkipEmptyWorkStep.java:177)
	at org.gradle.internal.execution.steps.SkipEmptyWorkStep.execute(SkipEmptyWorkStep.java:81)
	at org.gradle.internal.execution.steps.SkipEmptyWorkStep.execute(SkipEmptyWorkStep.java:53)
	at org.gradle.internal.execution.steps.RemoveUntrackedExecutionStateStep.execute(RemoveUntrackedExecutionStateStep.java:32)
	at org.gradle.internal.execution.steps.RemoveUntrackedExecutionStateStep.execute(RemoveUntrackedExecutionStateStep.java:21)
	at org.gradle.internal.execution.steps.legacy.MarkSnapshottingInputsStartedStep.execute(MarkSnapshottingInputsStartedStep.java:38)
	at org.gradle.internal.execution.steps.LoadPreviousExecutionStateStep.execute(LoadPreviousExecutionStateStep.java:36)
	at org.gradle.internal.execution.steps.LoadPreviousExecutionStateStep.execute(LoadPreviousExecutionStateStep.java:23)
	at org.gradle.internal.execution.steps.CleanupStaleOutputsStep.execute(CleanupStaleOutputsStep.java:75)
	at org.gradle.internal.execution.steps.CleanupStaleOutputsStep.execute(CleanupStaleOutputsStep.java:41)
	at org.gradle.internal.execution.steps.AssignWorkspaceStep.lambda$execute$0(AssignWorkspaceStep.java:32)
	at org.gradle.api.internal.tasks.execution.TaskExecution$4.withWorkspace(TaskExecution.java:293)
	at org.gradle.internal.execution.steps.AssignWorkspaceStep.execute(AssignWorkspaceStep.java:30)
	at org.gradle.internal.execution.steps.AssignWorkspaceStep.execute(AssignWorkspaceStep.java:21)
	at org.gradle.internal.execution.steps.IdentityCacheStep.execute(IdentityCacheStep.java:37)
	at org.gradle.internal.execution.steps.IdentityCacheStep.execute(IdentityCacheStep.java:27)
	at org.gradle.internal.execution.steps.IdentifyStep.execute(IdentifyStep.java:47)
	at org.gradle.internal.execution.steps.IdentifyStep.execute(IdentifyStep.java:34)
	at org.gradle.internal.execution.impl.DefaultExecutionEngine$1.execute(DefaultExecutionEngine.java:64)
	at org.gradle.api.internal.tasks.execution.ExecuteActionsTaskExecuter.executeIfValid(ExecuteActionsTaskExecuter.java:146)
	at org.gradle.api.internal.tasks.execution.ExecuteActionsTaskExecuter.execute(ExecuteActionsTaskExecuter.java:135)
	at org.gradle.api.internal.tasks.execution.FinalizePropertiesTaskExecuter.execute(FinalizePropertiesTaskExecuter.java:46)
	at org.gradle.api.internal.tasks.execution.ResolveTaskExecutionModeExecuter.execute(ResolveTaskExecutionModeExecuter.java:51)
	at org.gradle.api.internal.tasks.execution.SkipTaskWithNoActionsExecuter.execute(SkipTaskWithNoActionsExecuter.java:57)
	at org.gradle.api.internal.tasks.execution.SkipOnlyIfTaskExecuter.execute(SkipOnlyIfTaskExecuter.java:74)
	at org.gradle.api.internal.tasks.execution.CatchExceptionTaskExecuter.execute(CatchExceptionTaskExecuter.java:36)
	at org.gradle.api.internal.tasks.execution.EventFiringTaskExecuter$1.executeTask(EventFiringTaskExecuter.java:77)
	at org.gradle.api.internal.tasks.execution.EventFiringTaskExecuter$1.call(EventFiringTaskExecuter.java:55)
	at org.gradle.api.internal.tasks.execution.EventFiringTaskExecuter$1.call(EventFiringTaskExecuter.java:52)
	at org.gradle.internal.operations.DefaultBuildOperationRunner$CallableBuildOperationWorker.execute(DefaultBuildOperationRunner.java:204)
	at org.gradle.internal.operations.DefaultBuildOperationRunner$CallableBuildOperationWorker.execute(DefaultBuildOperationRunner.java:199)
	at org.gradle.internal.operations.DefaultBuildOperationRunner$2.execute(DefaultBuildOperationRunner.java:66)
	at org.gradle.internal.operations.DefaultBuildOperationRunner$2.execute(DefaultBuildOperationRunner.java:59)
	at org.gradle.internal.operations.DefaultBuildOperationRunner.execute(DefaultBuildOperationRunner.java:157)
	at org.gradle.internal.operations.DefaultBuildOperationRunner.execute(DefaultBuildOperationRunner.java:59)
	at org.gradle.internal.operations.DefaultBuildOperationRunner.call(DefaultBuildOperationRunner.java:53)
	at org.gradle.internal.operations.DefaultBuildOperationExecutor.call(DefaultBuildOperationExecutor.java:73)
	at org.gradle.api.internal.tasks.execution.EventFiringTaskExecuter.execute(EventFiringTaskExecuter.java:52)
	at org.gradle.execution.plan.LocalTaskNodeExecutor.execute(LocalTaskNodeExecutor.java:42)
	at org.gradle.execution.taskgraph.DefaultTaskExecutionGraph$InvokeNodeExecutorsAction.execute(DefaultTaskExecutionGraph.java:337)
	at org.gradle.execution.taskgraph.DefaultTaskExecutionGraph$InvokeNodeExecutorsAction.execute(DefaultTaskExecutionGraph.java:324)
	at org.gradle.execution.taskgraph.DefaultTaskExecutionGraph$BuildOperationAwareExecutionAction.execute(DefaultTaskExecutionGraph.java:317)
	at org.gradle.execution.taskgraph.DefaultTaskExecutionGraph$BuildOperationAwareExecutionAction.execute(DefaultTaskExecutionGraph.java:303)
	at org.gradle.execution.plan.DefaultPlanExecutor$ExecutorWorker.execute(DefaultPlanExecutor.java:463)
	at org.gradle.execution.plan.DefaultPlanExecutor$ExecutorWorker.run(DefaultPlanExecutor.java:380)
	at org.gradle.internal.concurrent.ExecutorPolicy$CatchAndRecordFailures.onExecute(ExecutorPolicy.java:64)
	at org.gradle.internal.concurrent.AbstractManagedExecutor$1.run(AbstractManagedExecutor.java:47)


BUILD FAILED in 736ms
2 actionable tasks: 2 executed
